# To run these tests type: python3 -m doctest -v ./tests/2-matrix_divided.txt

========================================
	IMPORT THE MODULE
========================================
>>> matrix_divided = __import__('2-matrix_divided').matrix_divided

========================================
	EXPECTING SUCCESS CASES
========================================
>>> matrix = [[1, 2, 3], [4, 5, 6]]
>>> matrix_divided(matrix, 2)
[[0.5, 1.0, 1.5], [2.0, 2.5, 3.0]]


========================================
	EXPECTING FAIL CASES
========================================

>>> matrix = [[1, 2, 3], [4, 5, 6]]
>>> matrix_divided(matrix, 0)
Traceback (most recent call last):
...
ZeroDivisionError: division by zero

>>> matrix = [[1, 2, 3], [4, 'c', 6]]
>>> matrix_divided(matrix, 1)
Traceback (most recent call last):
...
TypeError: matrix must be a matrix (list of lists) of integers/floats

>>> matrix = [[1, 2, 3], [4, "aaa", 6]]
>>> matrix_divided(matrix, 1)
Traceback (most recent call last):
...
TypeError: matrix must be a matrix (list of lists) of integers/floats

>>> matrix = [[1, 2, 3], [4, 5, 5.5, 6]]
>>> matrix_divided(matrix, 1)
Traceback (most recent call last):
...
TypeError: Each row of the matrix must have the same size

>>> matrix = [[1, 2, 3], []]
>>> matrix_divided(matrix, 1)
Traceback (most recent call last):
...
TypeError: Each row of the matrix must have the same size

>>> matrix = []
>>> matrix_divided(matrix, 1)
Traceback (most recent call last):
...
IndexError: list index out of range

>>> matrix = [[1, 2, 3], [4, 5, 6]]
>>> matrix_divided(matrix)
Traceback (most recent call last):
...
TypeError: matrix_divided() missing 1 required positional argument: 'div'
